Archive member included because of file (symbol)

c:/winavr-20100110/bin/../lib/gcc/avr/4.3.3/avr4\libgcc.a(_udivmodhi4.o)
                              ./adc.o (__udivmodhi4)
c:/winavr-20100110/bin/../lib/gcc/avr/4.3.3/avr4\libgcc.a(_udivmodsi4.o)
                              ./uart.o (__udivmodsi4)
c:/winavr-20100110/bin/../lib/gcc/avr/4.3.3/avr4\libgcc.a(_exit.o)
                              c:/winavr-20100110/bin/../lib/gcc/avr/4.3.3/../../../../avr/lib/avr4/crtm8.o (exit)
c:/winavr-20100110/bin/../lib/gcc/avr/4.3.3/avr4\libgcc.a(_copy_data.o)
                              ./main.o (__do_copy_data)
c:/winavr-20100110/bin/../lib/gcc/avr/4.3.3/avr4\libgcc.a(_clear_bss.o)
                              ./main.o (__do_clear_bss)

Allocating common symbols
Common symbol       size              file

FrameBuffer         0x50              ./main.o
isrBuffer           0xf0              ./main.o
isrColIndex         0x1               ./main.o

Memory Configuration

Name             Origin             Length             Attributes
text             0x00000000         0x00002000         xr
data             0x00800060         0x0000ffa0         rw !x
eeprom           0x00810000         0x00010000         rw !x
fuse             0x00820000         0x00000400         rw !x
lock             0x00830000         0x00000400         rw !x
signature        0x00840000         0x00000400         rw !x
*default*        0x00000000         0xffffffff

Linker script and memory map

LOAD c:/winavr-20100110/bin/../lib/gcc/avr/4.3.3/../../../../avr/lib/avr4/crtm8.o
LOAD ./adc.o
LOAD ./delay.o
LOAD ./fonts.o
LOAD ./main.o
LOAD ./sw_uart.o
LOAD ./twi.o
LOAD ./uart.o
LOAD c:/winavr-20100110/bin/../lib/gcc/avr/4.3.3/avr4\libgcc.a
LOAD c:/winavr-20100110/bin/../lib/gcc/avr/4.3.3/../../../../avr/lib/avr4\libc.a
LOAD c:/winavr-20100110/bin/../lib/gcc/avr/4.3.3/avr4\libgcc.a

.hash
 *(.hash)

.dynsym
 *(.dynsym)

.dynstr
 *(.dynstr)

.gnu.version
 *(.gnu.version)

.gnu.version_d
 *(.gnu.version_d)

.gnu.version_r
 *(.gnu.version_r)

.rel.init
 *(.rel.init)

.rela.init
 *(.rela.init)

.rel.text
 *(.rel.text)
 *(.rel.text.*)
 *(.rel.gnu.linkonce.t*)

.rela.text
 *(.rela.text)
 *(.rela.text.*)
 *(.rela.gnu.linkonce.t*)

.rel.fini
 *(.rel.fini)

.rela.fini
 *(.rela.fini)

.rel.rodata
 *(.rel.rodata)
 *(.rel.rodata.*)
 *(.rel.gnu.linkonce.r*)

.rela.rodata
 *(.rela.rodata)
 *(.rela.rodata.*)
 *(.rela.gnu.linkonce.r*)

.rel.data
 *(.rel.data)
 *(.rel.data.*)
 *(.rel.gnu.linkonce.d*)

.rela.data
 *(.rela.data)
 *(.rela.data.*)
 *(.rela.gnu.linkonce.d*)

.rel.ctors
 *(.rel.ctors)

.rela.ctors
 *(.rela.ctors)

.rel.dtors
 *(.rel.dtors)

.rela.dtors
 *(.rela.dtors)

.rel.got
 *(.rel.got)

.rela.got
 *(.rela.got)

.rel.bss
 *(.rel.bss)

.rela.bss
 *(.rela.bss)

.rel.plt
 *(.rel.plt)

.rela.plt
 *(.rela.plt)

.text           0x00000000      0xc42
 *(.vectors)
 .vectors       0x00000000       0x26 c:/winavr-20100110/bin/../lib/gcc/avr/4.3.3/../../../../avr/lib/avr4/crtm8.o
                0x00000000                __vectors
                0x00000000                __vector_default
 *(.vectors)
 *(.progmem.gcc*)
 *(.progmem*)
 .progmem.data  0x00000026      0x308 ./fonts.o
                0x00000026                Font
                0x0000032e                . = ALIGN (0x2)
                0x0000032e                __trampolines_start = .
 *(.trampolines)
 .trampolines   0x0000032e        0x0 linker stubs
 *(.trampolines*)
                0x0000032e                __trampolines_end = .
 *(.jumptables)
 *(.jumptables*)
 *(.lowtext)
 *(.lowtext*)
                0x0000032e                __ctors_start = .
 *(.ctors)
                0x0000032e                __ctors_end = .
                0x0000032e                __dtors_start = .
 *(.dtors)
                0x0000032e                __dtors_end = .
 SORT(*)(.ctors)
 SORT(*)(.dtors)
 *(.init0)
 .init0         0x0000032e        0x0 c:/winavr-20100110/bin/../lib/gcc/avr/4.3.3/../../../../avr/lib/avr4/crtm8.o
                0x0000032e                __init
 *(.init0)
 *(.init1)
 *(.init1)
 *(.init2)
 .init2         0x0000032e        0xc c:/winavr-20100110/bin/../lib/gcc/avr/4.3.3/../../../../avr/lib/avr4/crtm8.o
 *(.init2)
 *(.init3)
 *(.init3)
 *(.init4)
 .init4         0x0000033a       0x16 c:/winavr-20100110/bin/../lib/gcc/avr/4.3.3/avr4\libgcc.a(_copy_data.o)
                0x0000033a                __do_copy_data
 .init4         0x00000350       0x10 c:/winavr-20100110/bin/../lib/gcc/avr/4.3.3/avr4\libgcc.a(_clear_bss.o)
                0x00000350                __do_clear_bss
 *(.init4)
 *(.init5)
 *(.init5)
 *(.init6)
 *(.init6)
 *(.init7)
 *(.init7)
 *(.init8)
 *(.init8)
 *(.init9)
 .init9         0x00000360        0x4 c:/winavr-20100110/bin/../lib/gcc/avr/4.3.3/../../../../avr/lib/avr4/crtm8.o
 *(.init9)
 *(.text)
 .text          0x00000364        0x2 c:/winavr-20100110/bin/../lib/gcc/avr/4.3.3/../../../../avr/lib/avr4/crtm8.o
                0x00000364                __vector_1
                0x00000364                __vector_12
                0x00000364                __bad_interrupt
                0x00000364                __vector_6
                0x00000364                __vector_13
                0x00000364                __vector_17
                0x00000364                __vector_7
                0x00000364                __vector_5
                0x00000364                __vector_4
                0x00000364                __vector_2
                0x00000364                __vector_15
                0x00000364                __vector_8
                0x00000364                __vector_14
                0x00000364                __vector_10
                0x00000364                __vector_16
                0x00000364                __vector_18
 .text          0x00000366       0x44 ./adc.o
                0x00000370                ADC_GetAdcValue
                0x00000366                ADC_Init
 .text          0x000003aa       0x1e ./delay.o
                0x000003aa                DELAY_sec
 .text          0x000003c8        0x0 ./fonts.o
 .text          0x000003c8      0x512 ./main.o
                0x00000434                BuildFrame
                0x000007a4                ScrollString
                0x00000402                GetFont
                0x00000554                __vector_11
                0x00000828                DisplayString
                0x00000476                StartDisplayTimer
                0x000003c8                main
                0x00000486                handleUartData
                0x0000059a                __vector_9
                0x00000656                TWI_ScrollFrame
 .text          0x000008da      0x11a ./sw_uart.o
                0x000009ac                sw_UART_Transmit_char
                0x000008da                __vector_3
                0x00000980                frame_calc
                0x0000095a                sw_uart_io_init
                0x00000962                sw_uart_init
 .text          0x000009f4      0x164 ./twi.o
                0x000009fc                TWI_init_slave
                0x00000a50                TWI_write_address
                0x00000a00                TWI_start
                0x00000ae8                TWI_match_read_slave
                0x00000afe                TWI_stop
                0x000009f4                TWI_init_master
                0x00000b1c                TWI_Receive_Frame
                0x00000ad2                TWI_read_slave
                0x00000aa2                TWI_write_data
 .text          0x00000b58       0x7a ./uart.o
                0x00000bac                UART_Init
                0x00000b58                UART_SetBaudRate
                0x00000bc2                UART_TxChar
                0x00000bba                UART_RxChar
 .text          0x00000bd2        0x0 c:/winavr-20100110/bin/../lib/gcc/avr/4.3.3/avr4\libgcc.a(_udivmodhi4.o)
 .text          0x00000bd2        0x0 c:/winavr-20100110/bin/../lib/gcc/avr/4.3.3/avr4\libgcc.a(_udivmodsi4.o)
 .text          0x00000bd2        0x0 c:/winavr-20100110/bin/../lib/gcc/avr/4.3.3/avr4\libgcc.a(_exit.o)
 .text          0x00000bd2        0x0 c:/winavr-20100110/bin/../lib/gcc/avr/4.3.3/avr4\libgcc.a(_copy_data.o)
 .text          0x00000bd2        0x0 c:/winavr-20100110/bin/../lib/gcc/avr/4.3.3/avr4\libgcc.a(_clear_bss.o)
                0x00000bd2                . = ALIGN (0x2)
 *(.text.*)
 .text.libgcc   0x00000bd2       0x28 c:/winavr-20100110/bin/../lib/gcc/avr/4.3.3/avr4\libgcc.a(_udivmodhi4.o)
                0x00000bd2                __udivmodhi4
 .text.libgcc   0x00000bfa       0x44 c:/winavr-20100110/bin/../lib/gcc/avr/4.3.3/avr4\libgcc.a(_udivmodsi4.o)
                0x00000bfa                __udivmodsi4
 .text.libgcc   0x00000c3e        0x0 c:/winavr-20100110/bin/../lib/gcc/avr/4.3.3/avr4\libgcc.a(_exit.o)
 .text.libgcc   0x00000c3e        0x0 c:/winavr-20100110/bin/../lib/gcc/avr/4.3.3/avr4\libgcc.a(_copy_data.o)
 .text.libgcc   0x00000c3e        0x0 c:/winavr-20100110/bin/../lib/gcc/avr/4.3.3/avr4\libgcc.a(_clear_bss.o)
                0x00000c3e                . = ALIGN (0x2)
 *(.fini9)
 .fini9         0x00000c3e        0x0 c:/winavr-20100110/bin/../lib/gcc/avr/4.3.3/avr4\libgcc.a(_exit.o)
                0x00000c3e                exit
                0x00000c3e                _exit
 *(.fini9)
 *(.fini8)
 *(.fini8)
 *(.fini7)
 *(.fini7)
 *(.fini6)
 *(.fini6)
 *(.fini5)
 *(.fini5)
 *(.fini4)
 *(.fini4)
 *(.fini3)
 *(.fini3)
 *(.fini2)
 *(.fini2)
 *(.fini1)
 *(.fini1)
 *(.fini0)
 .fini0         0x00000c3e        0x4 c:/winavr-20100110/bin/../lib/gcc/avr/4.3.3/avr4\libgcc.a(_exit.o)
 *(.fini0)
                0x00000c42                _etext = .

.data           0x00800060      0x1fe load address 0x00000c42
                0x00800060                PROVIDE (__data_start, .)
 *(.data)
 .data          0x00800060        0x0 c:/winavr-20100110/bin/../lib/gcc/avr/4.3.3/../../../../avr/lib/avr4/crtm8.o
 .data          0x00800060        0x0 ./adc.o
 .data          0x00800060        0x0 ./delay.o
 .data          0x00800060        0x0 ./fonts.o
 .data          0x00800060      0x1fd ./main.o
                0x00800079                MyDeviceId
                0x0080007a                NextDeviceId
                0x0080007c                inputBuffer
                0x0080016c                msgBuffer
                0x00800061                pattern
                0x0080025c                MsgLength
                0x00800060                NumberOfSegments
                0x00800071                colSelection
                0x0080007b                deviceType
 .data          0x0080025d        0x0 ./sw_uart.o
 .data          0x0080025d        0x0 ./twi.o
 .data          0x0080025d        0x0 ./uart.o
 .data          0x0080025d        0x0 c:/winavr-20100110/bin/../lib/gcc/avr/4.3.3/avr4\libgcc.a(_udivmodhi4.o)
 .data          0x0080025d        0x0 c:/winavr-20100110/bin/../lib/gcc/avr/4.3.3/avr4\libgcc.a(_udivmodsi4.o)
 .data          0x0080025d        0x0 c:/winavr-20100110/bin/../lib/gcc/avr/4.3.3/avr4\libgcc.a(_exit.o)
 .data          0x0080025d        0x0 c:/winavr-20100110/bin/../lib/gcc/avr/4.3.3/avr4\libgcc.a(_copy_data.o)
 .data          0x0080025d        0x0 c:/winavr-20100110/bin/../lib/gcc/avr/4.3.3/avr4\libgcc.a(_clear_bss.o)
 *(.data*)
 *(.rodata)
 *(.rodata*)
 *(.gnu.linkonce.d*)
                0x0080025e                . = ALIGN (0x2)
 *fill*         0x0080025d        0x1 00
                0x0080025e                _edata = .
                0x0080025e                PROVIDE (__data_end, .)

.bss            0x0080025e      0x154
                0x0080025e                PROVIDE (__bss_start, .)
 *(.bss)
 .bss           0x0080025e        0x0 c:/winavr-20100110/bin/../lib/gcc/avr/4.3.3/../../../../avr/lib/avr4/crtm8.o
 .bss           0x0080025e        0x0 ./adc.o
 .bss           0x0080025e        0x0 ./delay.o
 .bss           0x0080025e        0x0 ./fonts.o
 .bss           0x0080025e        0x9 ./main.o
                0x00800262                TimeTick
                0x0080025e                IdConfirmed
                0x00800263                state
                0x00800264                NewMsgLength
                0x0080025f                sendNewIdCount
                0x00800265                NewMsgReceived
                0x00800260                debounceCount
 .bss           0x00800267        0xa ./sw_uart.o
 .bss           0x00800271        0x0 ./twi.o
 .bss           0x00800271        0x0 ./uart.o
 .bss           0x00800271        0x0 c:/winavr-20100110/bin/../lib/gcc/avr/4.3.3/avr4\libgcc.a(_udivmodhi4.o)
 .bss           0x00800271        0x0 c:/winavr-20100110/bin/../lib/gcc/avr/4.3.3/avr4\libgcc.a(_udivmodsi4.o)
 .bss           0x00800271        0x0 c:/winavr-20100110/bin/../lib/gcc/avr/4.3.3/avr4\libgcc.a(_exit.o)
 .bss           0x00800271        0x0 c:/winavr-20100110/bin/../lib/gcc/avr/4.3.3/avr4\libgcc.a(_copy_data.o)
 .bss           0x00800271        0x0 c:/winavr-20100110/bin/../lib/gcc/avr/4.3.3/avr4\libgcc.a(_clear_bss.o)
 *(.bss*)
 *(COMMON)
 COMMON         0x00800271      0x141 ./main.o
                0x00800271                FrameBuffer
                0x008002c1                isrBuffer
                0x008003b1                isrColIndex
                0x008003b2                PROVIDE (__bss_end, .)
                0x00000c42                __data_load_start = LOADADDR (.data)
                0x00000e40                __data_load_end = (__data_load_start + SIZEOF (.data))

.noinit         0x008003b2        0x0
                0x008003b2                PROVIDE (__noinit_start, .)
 *(.noinit*)
                0x008003b2                PROVIDE (__noinit_end, .)
                0x008003b2                _end = .
                0x008003b2                PROVIDE (__heap_start, .)

.eeprom         0x00810000        0x0
 *(.eeprom*)
                0x00810000                __eeprom_end = .

.fuse
 *(.fuse)
 *(.lfuse)
 *(.hfuse)
 *(.efuse)

.lock
 *(.lock*)

.signature
 *(.signature*)

.stab           0x00000000     0x216c
 *(.stab)
 .stab          0x00000000      0x468 ./adc.o
 .stab          0x00000468      0x27c ./delay.o
                                0x450 (size before relaxing)
 .stab          0x000006e4      0x1e0 ./fonts.o
                                0x3d8 (size before relaxing)
 .stab          0x000008c4      0xbb8 ./main.o
                                0xe64 (size before relaxing)
 .stab          0x0000147c      0x420 ./sw_uart.o
                                0x630 (size before relaxing)
 .stab          0x0000189c      0x5dc ./twi.o
                                0x7ec (size before relaxing)
 .stab          0x00001e78      0x2f4 ./uart.o
                                0x4f8 (size before relaxing)

.stabstr        0x00000000     0x11b7
 *(.stabstr)
 .stabstr       0x00000000     0x11b7 ./adc.o

.stab.excl
 *(.stab.excl)

.stab.exclstr
 *(.stab.exclstr)

.stab.index
 *(.stab.index)

.stab.indexstr
 *(.stab.indexstr)

.comment
 *(.comment)

.debug
 *(.debug)

.line
 *(.line)

.debug_srcinfo
 *(.debug_srcinfo)

.debug_sfnames
 *(.debug_sfnames)

.debug_aranges
 *(.debug_aranges)

.debug_pubnames
 *(.debug_pubnames)

.debug_info
 *(.debug_info)
 *(.gnu.linkonce.wi.*)

.debug_abbrev
 *(.debug_abbrev)

.debug_line
 *(.debug_line)

.debug_frame
 *(.debug_frame)

.debug_str
 *(.debug_str)

.debug_loc
 *(.debug_loc)

.debug_macinfo
 *(.debug_macinfo)
OUTPUT(Starling.elf elf32-avr)
LOAD linker stubs
